[SERVER] Starting local web server on http://localhost:61400
[SERVER] Web server started successfully.
[SELENIUM] Initializing Edge WebDriver...
[SELENIUM] Edge WebDriver initialized successfully.
[E2E] Navigating to http://localhost:61400
[E2E] Running 110 Test Cases...
[SELENIUM] Edge WebDriver quit successfully.
[SERVER] Web server stopped.
[E2E] Generating Excel Report...
python : Traceback (most recent call last):
At line:1 char:1
+ python run_e2e_tests.py > test_log.txt 2>&1
+ ~~~~~~~~~~~~~~~~~~~~~~~~~~~~~~~~~~~~~~~~~~~
    + CategoryInfo          : NotSpecified: (Traceback (most recent call last):: 
   String) [], RemoteException
    + FullyQualifiedErrorId : NativeCommandError
 
  File "C:\Users\dillu\OneDrive\Desktop\smartcampus_app\run_e2e_tests.py", line 
1008, in <module>
    main()
    ~~~~^^
  File "C:\Users\dillu\OneDrive\Desktop\smartcampus_app\run_e2e_tests.py", line 
1003, in main
    wb.save(report_path)
    ~~~~~~~^^^^^^^^^^^^^
  File "C:\Users\dillu\AppData\Local\Programs\Python\Python313\Lib\site-packages\
openpyxl\workbook\workbook.py", line 386, in save
    save_workbook(self, filename)
    ~~~~~~~~~~~~~^^^^^^^^^^^^^^^^
  File "C:\Users\dillu\AppData\Local\Programs\Python\Python313\Lib\site-packages\
openpyxl\writer\excel.py", line 291, in save_workbook
    archive = ZipFile(filename, 'w', ZIP_DEFLATED, allowZip64=True)
  File "C:\Users\dillu\AppData\Local\Programs\Python\Python313\Lib\zipfile\__init
__.py", line 1367, in __init__
    self.fp = io.open(file, filemode)
              ~~~~~~~^^^^^^^^^^^^^^^^
PermissionError: [Errno 13] Permission denied: 'E2E_Test_Report_SmartCampus.xlsx'
